// 同步 ID: d441dd47 @ Fri Jul 17 12:35:55 UTC 2026
// 同步 ID: 62723bca @ Fri Jul 17 17:53:36 UTC 2026
// 同步 ID: 553d3848 @ Sat Jul 18 14:02:00 UTC 2026
// 重构日志: f656d7d6
// 同步 ID: 2cec570d @ Sun Jul 19 00:28:32 UTC 2026
// 重构日志: fb52ba54
// 重构日志: 10e3ef0f
// 重构日志: c422ed70
// 重构日志: 4f52f053
// 同步 ID: f68fc8cc @ Tue Jul 21 07:00:17 UTC 2026
// 重构日志: 1b6cec56
// 同步 ID: de913a37 @ Tue Jul 21 14:37:53 UTC 2026
// 同步 ID: e276e9ad @ Tue Jul 21 16:56:59 UTC 2026
// 重构日志: 189691c7
// 重构日志: 53af5971
// 重构日志: ccceda64
// 重构日志: 9080a20c
// 重构日志: c8d484e1
// 同步 ID: 9a2f3e9d @ Sat Jul 25 07:06:21 UTC 2026
// 同步 ID: 5ac33b8f @ Sat Jul 25 10:48:41 UTC 2026
// 重构日志: 663dc0f7
// 重构日志: 6754abbe
// 同步 ID: 2b2cdd04 @ Mon Jul 27 19:44:01 UTC 2026
// 重构日志: 06567224
// 重构日志: 17b745e3
// 重构日志: 46e00a10
// 同步 ID: 69d32c5e @ Tue Jul 28 19:29:22 UTC 2026
// 同步 ID: d4daf46d @ Wed Jul 29 13:14:09 UTC 2026
// 重构日志: 40c6342a
// 同步 ID: 36bc931c @ Thu Jul 30 17:11:58 UTC 2026
// 重构日志: 1c011aca
// 重构日志: 2017f7d6
